[Licensing::Module] Trying to connect to existing licensing client channel...
Built from '6000.0/staging' branch; Version is '6000.0.69f1 (5f8607f5118b) revision 6260231'; Using compiler version '193933523'; Build Type 'Release'
OS: 'Windows 10  (10.0.19045) 64bit Professional' Language: 'pt' Physical Memory: 16328 MB
[Licensing::IpcConnector] Successfully connected to: "LicenseClient-brend" at "2026-09-26T16:39:16.0906627Z"
BatchMode: 1, IsHumanControllingUs: 0, StartBugReporterOnCrash: 0, Is64bit: 1
System  architecture: x64
Process architecture: x64
Date: 2026-09-26T16:39:16Z

COMMAND LINE ARGUMENTS:
C:\Program Files\Unity\Hub\Editor\6000.0.69f1\Editor\Unity.exe
-adb2
-batchMode
-noUpm
-name
AssetImportWorker1
-projectPath
D:/Trabalhos Unity/Fisics AI
-logFile
Logs/AssetImportWorker1.log
-srvPort
51516
-job-worker-count
5
-background-job-worker-count
8
-gc-helper-count
1
-name
AssetImport
Successfully changed project path to: D:/Trabalhos Unity/Fisics AI
D:/Trabalhos Unity/Fisics AI
[UnityMemory] Configuration Parameters - Can be set up in boot.config
    "memorysetup-bucket-allocator-granularity=16"
    "memorysetup-bucket-allocator-bucket-count=8"
    "memorysetup-bucket-allocator-block-size=33554432"
    "memorysetup-bucket-allocator-block-count=8"
    "memorysetup-main-allocator-block-size=16777216"
    "memorysetup-thread-allocator-block-size=16777216"
    "memorysetup-gfx-main-allocator-block-size=16777216"
    "memorysetup-gfx-thread-allocator-block-size=16777216"
    "memorysetup-cache-allocator-block-size=4194304"
    "memorysetup-typetree-allocator-block-size=2097152"
    "memorysetup-profiler-bucket-allocator-granularity=16"
    "memorysetup-profiler-bucket-allocator-bucket-count=8"
    "memorysetup-profiler-bucket-allocator-block-size=33554432"
    "memorysetup-profiler-bucket-allocator-block-count=8"
    "memorysetup-profiler-allocator-block-size=16777216"
    "memorysetup-profiler-editor-allocator-block-size=1048576"
    "memorysetup-temp-allocator-size-main=16777216"
    "memorysetup-job-temp-allocator-block-size=2097152"
    "memorysetup-job-temp-allocator-block-size-background=1048576"
    "memorysetup-job-temp-allocator-reduction-small-platforms=262144"
    "memorysetup-allocator-temp-initial-block-size-main=262144"
    "memorysetup-allocator-temp-initial-block-size-worker=262144"
    "memorysetup-temp-allocator-size-background-worker=32768"
    "memorysetup-temp-allocator-size-job-worker=262144"
    "memorysetup-temp-allocator-size-preload-manager=33554432"
    "memorysetup-temp-allocator-size-nav-mesh-worker=65536"
    "memorysetup-temp-allocator-size-audio-worker=65536"
    "memorysetup-temp-allocator-size-cloud-worker=32768"
    "memorysetup-temp-allocator-size-gi-baking-worker=262144"
    "memorysetup-temp-allocator-size-gi-baking-worker=262144"
    "memorysetup-temp-allocator-size-gi-baking-worker=262144"
    "memorysetup-temp-allocator-size-gi-baking-worker=262144"
    "memorysetup-temp-allocator-size-gi-baking-worker=262144"
    "memorysetup-temp-allocator-size-gfx=262144"
Player connection [12328]  Target information:

Player connection [12328]  * "[IP] 192.168.1.75 [Port] 0 [Flags] 2 [Guid] 718685548 [EditorId] 718685548 [Version] 1048832 [Id] WindowsEditor(7,DESKTOP-NPTFF2S) [Debug] 1 [PackageName] WindowsEditor [ProjectName] Editor" 

Player connection [12328] Host joined multi-casting on [225.0.0.222:54997]...
Player connection [12328] Host joined alternative multi-casting on [225.0.0.222:34997]...
JobSystem: Creating JobQueue using job-worker-count value 5
Input System module state changed to: Initialized.
[Physics::Module] Initialized fallback backend.
[Physics::Module] Id: 0xdecafbad
Library Redirect Path: Library/
[Physics::Module] Selected backend.
[Physics::Module] Name: PhysX
[Physics::Module] Id: 0xf2b8ea05
[Physics::Module] SDK Version: 4.1.2
[Physics::Module] Integration Version: 1.0.0
[Physics::Module] Threading Mode: Multi-Threaded
Refreshing native plugins compatible for Editor in 1.52 ms, found 3 plugins.
Preloading 0 native plugins for Editor in 0.00 ms.
Initialize engine version: 6000.0.69f1 (5f8607f5118b)
[Subsystems] Discovering subsystems at path C:/Program Files/Unity/Hub/Editor/6000.0.69f1/Editor/Data/Resources/UnitySubsystems
[Subsystems] Discovering subsystems at path D:/Trabalhos Unity/Fisics AI/Assets
GfxDevice: creating device client; kGfxThreadingModeNonThreaded
Direct3D:
    Version:  Direct3D 11.0 [level 11.1]
    Renderer: AMD Radeon RX 6650 XT (ID=0x73ef)
    Vendor:   ATI
    VRAM:     8147 MB
    Driver:   32.0.21045.5002
Initialize mono
Mono path[0] = 'C:/Program Files/Unity/Hub/Editor/6000.0.69f1/Editor/Data/Managed'
Mono path[1] = 'C:/Program Files/Unity/Hub/Editor/6000.0.69f1/Editor/Data/MonoBleedingEdge/lib/mono/unityjit-win32'
Mono config path = 'C:/Program Files/Unity/Hub/Editor/6000.0.69f1/Editor/Data/MonoBleedingEdge/etc'
Using monoOptions --debugger-agent=transport=dt_socket,embedding=1,server=y,suspend=n,address=127.0.0.1:56980
Begin MonoManager ReloadAssembly
Registering precompiled unity dll's ...
Register platform support module: C:/Program Files/Unity/Hub/Editor/6000.0.69f1/Editor/Data/PlaybackEngines/WindowsStandaloneSupport/UnityEditor.WindowsStandalone.Extensions.dll
Registered in 0.005127 seconds.
- Loaded All Assemblies, in  0.508 seconds
Native extension for WindowsStandalone target not found
[Licensing::Client] Handshaking with LicensingClient:
  Version:                 1.17.4+4293ba1
  Session Id:              7bdcda38f1ce4494aacf2d836e399342
  Correlation Id:          a458181a0abef808893f4ab10dcfd69b
  External correlation Id: 5220017001861071414
  Machine Id:              qFlStrGZqR6WFCJgvVtCseEtzhQ=
[Licensing::Module] Successfully connected to LicensingClient on channel: "LicenseClient-brend" (connect: 0.00s, validation: 0.00s, handshake: 1.35s)
[Licensing::IpcConnector] Successfully connected to: "LicenseClient-brend-notifications" at "2026-09-26T16:39:17.4460337Z"
[Licensing::Module] Licensing Background thread has ended after 1.36s
Package Manager log level set to [2]
[Package Manager] Failed to launch server process. Reason: Unity was launched with the -noUpm command-line argument
[Package Manager] Unable to send message (not connected to server process).
[Package Manager] Cannot connect to Unity Package Manager local server
Mono: successfully reloaded assembly
- Finished resetting the current domain, in  0.395 seconds
Domain Reload Profiling: 898ms
	BeginReloadAssembly (169ms)
		ExecutionOrderSort (0ms)
		DisableScriptedObjects (0ms)
		BackupInstance (0ms)
		ReleaseScriptingObjects (0ms)
		CreateAndSetChildDomain (1ms)
	RebuildCommonClasses (50ms)
	RebuildNativeTypeToScriptingClass (17ms)
	initialDomainReloadingComplete (66ms)
	LoadAllAssembliesAndSetupDomain (200ms)
		LoadAssemblies (163ms)
		RebuildTransferFunctionScriptingTraits (0ms)
		AnalyzeDomain (197ms)
			TypeCache.Refresh (195ms)
				TypeCache.ScanAssembly (180ms)
			BuildScriptInfoCaches (0ms)
			ResolveRequiredComponents (1ms)
	FinalizeReload (395ms)
		ReleaseScriptCaches (0ms)
		RebuildScriptCaches (0ms)
		SetupLoadedEditorAssemblies (340ms)
			LogAssemblyErrors (0ms)
			InitializePlatformSupportModulesInManaged (27ms)
			SetLoadedEditorAssemblies (5ms)
			BeforeProcessingInitializeOnLoad (69ms)
			ProcessInitializeOnLoadAttributes (168ms)
			ProcessInitializeOnLoadMethodAttributes (72ms)
			AfterProcessingInitializeOnLoad (0ms)
			EditorAssembliesLoaded (0ms)
		ExecutionOrderSort2 (0ms)
		AwakeInstancesAfterBackupRestoration (0ms)
========================================================================
Worker process is ready to serve import requests
Import Worker Mode flag is 0x00
Begin MonoManager ReloadAssembly
[Licensing::Client] Successfully resolved entitlement details
[Licensing::Module] License group:
  Id: 6872781657449-UnityPersXXXX
  Product: Unity Personal
  Type: Assigned
  Expiration: Unlimited
- Loaded All Assemblies, in  0.903 seconds
Refreshing native plugins compatible for Editor in 0.72 ms, found 3 plugins.
Native extension for WindowsStandalone target not found
[Package Manager] Failed to launch server process. Reason: Unity was launched with the -noUpm command-line argument
[Package Manager] Unable to send message (not connected to server process).
[Package Manager] Cannot connect to Unity Package Manager local server
[Package Manager] Failed to launch server process. Reason: Unity was launched with the -noUpm command-line argument
[Package Manager] Unable to send message (not connected to server process).
[Package Manager] Cannot connect to Unity Package Manager local server
Mono: successfully reloaded assembly
- Finished resetting the current domain, in  0.837 seconds
Domain Reload Profiling: 1735ms
	BeginReloadAssembly (201ms)
		ExecutionOrderSort (0ms)
		DisableScriptedObjects (7ms)
		BackupInstance (0ms)
		ReleaseScriptingObjects (0ms)
		CreateAndSetChildDomain (29ms)
	RebuildCommonClasses (44ms)
	RebuildNativeTypeToScriptingClass (14ms)
	initialDomainReloadingComplete (49ms)
	LoadAllAssembliesAndSetupDomain (590ms)
		LoadAssemblies (379ms)
		RebuildTransferFunctionScriptingTraits (0ms)
		AnalyzeDomain (328ms)
			TypeCache.Refresh (235ms)
				TypeCache.ScanAssembly (219ms)
			BuildScriptInfoCaches (76ms)
			ResolveRequiredComponents (13ms)
	FinalizeReload (838ms)
		ReleaseScriptCaches (0ms)
		RebuildScriptCaches (0ms)
		SetupLoadedEditorAssemblies (618ms)
			LogAssemblyErrors (0ms)
			InitializePlatformSupportModulesInManaged (3ms)
			SetLoadedEditorAssemblies (5ms)
			BeforeProcessingInitializeOnLoad (134ms)
			ProcessInitializeOnLoadAttributes (412ms)
			ProcessInitializeOnLoadMethodAttributes (57ms)
			AfterProcessingInitializeOnLoad (8ms)
			EditorAssembliesLoaded (0ms)
		ExecutionOrderSort2 (0ms)
		AwakeInstancesAfterBackupRestoration (6ms)
Launched and connected shader compiler UnityShaderCompiler.exe after 0.39 seconds
Refreshing native plugins compatible for Editor in 0.94 ms, found 3 plugins.
Preloading 0 native plugins for Editor in 0.00 ms.
Unloading 13 Unused Serialized files (Serialized files now loaded: 0)
Unloading 6097 unused Assets / (4.6 MB). Loaded Objects now: 6784.
Memory consumption went from 129.0 MB to 124.4 MB.
Total: 10.319900 ms (FindLiveObjects: 0.797300 ms CreateObjectMapping: 0.365600 ms MarkObjects: 6.189100 ms  DeleteObjects: 2.963100 ms)

========================================================================
Received Import Request.
  Time since last request: 8691.221202 seconds.
  path: Assets/Readme.asset
  artifactKey: Guid(8105016687592461f977c054a80ce2f2) Importer(815301076,1909f56bfc062723c751e8b465ee728b)
Start importing Assets/Readme.asset using Guid(8105016687592461f977c054a80ce2f2) Importer(815301076,1909f56bfc062723c751e8b465ee728b) (PreviewImporter) -> (artifact id: '50ea5ad2cda8720781b90d71f311d8d1') in 0.0254423 seconds
Number of updated asset objects reloaded before import = 0Number of asset objects unloaded after import = 2

========================================================================
Received Prepare
Begin MonoManager ReloadAssembly
[Licensing::Client] Successfully resolved entitlement details
- Loaded All Assemblies, in  0.869 seconds
Refreshing native plugins compatible for Editor in 0.67 ms, found 3 plugins.
Native extension for WindowsStandalone target not found
[Package Manager] Failed to launch server process. Reason: Unity was launched with the -noUpm command-line argument
[Package Manager] Unable to send message (not connected to server process).
[Package Manager] Cannot connect to Unity Package Manager local server
[Package Manager] Failed to launch server process. Reason: Unity was launched with the -noUpm command-line argument
[Package Manager] Unable to send message (not connected to server process).
[Package Manager] Cannot connect to Unity Package Manager local server
Mono: successfully reloaded assembly
- Finished resetting the current domain, in  0.813 seconds
Domain Reload Profiling: 1682ms
	BeginReloadAssembly (248ms)
		ExecutionOrderSort (0ms)
		DisableScriptedObjects (7ms)
		BackupInstance (0ms)
		ReleaseScriptingObjects (0ms)
		CreateAndSetChildDomain (52ms)
	RebuildCommonClasses (49ms)
	RebuildNativeTypeToScriptingClass (18ms)
	initialDomainReloadingComplete (37ms)
	LoadAllAssembliesAndSetupDomain (518ms)
		LoadAssemblies (385ms)
		RebuildTransferFunctionScriptingTraits (0ms)
		AnalyzeDomain (249ms)
			TypeCache.Refresh (10ms)
				TypeCache.ScanAssembly (0ms)
			BuildScriptInfoCaches (220ms)
			ResolveRequiredComponents (14ms)
	FinalizeReload (814ms)
		ReleaseScriptCaches (0ms)
		RebuildScriptCaches (0ms)
		SetupLoadedEditorAssemblies (611ms)
			LogAssemblyErrors (0ms)
			InitializePlatformSupportModulesInManaged (3ms)
			SetLoadedEditorAssemblies (5ms)
			BeforeProcessingInitializeOnLoad (133ms)
			ProcessInitializeOnLoadAttributes (400ms)
			ProcessInitializeOnLoadMethodAttributes (62ms)
			AfterProcessingInitializeOnLoad (9ms)
			EditorAssembliesLoaded (0ms)
		ExecutionOrderSort2 (0ms)
		AwakeInstancesAfterBackupRestoration (22ms)
Refreshing native plugins compatible for Editor in 0.80 ms, found 3 plugins.
Preloading 0 native plugins for Editor in 0.00 ms.
Unloading 13 Unused Serialized files (Serialized files now loaded: 0)
Unloading 6097 unused Assets / (5.0 MB). Loaded Objects now: 6807.
Memory consumption went from 140.3 MB to 135.3 MB.
Total: 10.195700 ms (FindLiveObjects: 0.907600 ms CreateObjectMapping: 0.484300 ms MarkObjects: 5.088100 ms  DeleteObjects: 3.714200 ms)

Prepare: number of updated asset objects reloaded= 0
========================================================================
Received Import Request.
  Time since last request: 142.313201 seconds.
  path: Assets/Readme.asset
  artifactKey: Guid(8105016687592461f977c054a80ce2f2) Importer(2089858483,192608db42251d675da83286b1cce702)
Start importing Assets/Readme.asset using Guid(8105016687592461f977c054a80ce2f2) Importer(2089858483,192608db42251d675da83286b1cce702) (ScriptedImporter) -> (artifact id: 'f8488ac4f9456a27d7a6e9a57e5c4679') in 0.3801828 seconds
Number of updated asset objects reloaded before import = 0Number of asset objects unloaded after import = 2

========================================================================
Received Import Request.
  Time since last request: 0.000021 seconds.
  path: Assets/Script/LateUpdateMove.cs
  artifactKey: Guid(13981ecc809f14169a682c7d1beb85be) Importer(2089858483,192608db42251d675da83286b1cce702)
Start importing Assets/Script/LateUpdateMove.cs using Guid(13981ecc809f14169a682c7d1beb85be) Importer(2089858483,192608db42251d675da83286b1cce702) (ScriptedImporter) -> (artifact id: 'fd06e63a28966cd8da9638a601deacab') in 0.0181752 seconds
Number of updated asset objects reloaded before import = 0Number of asset objects unloaded after import = 0

========================================================================
Received Import Request.
  Time since last request: 0.000025 seconds.
  path: Assets/Adam Character Pack/Adam/Materials/Adam_monitors.mat
  artifactKey: Guid(371d27e98fd444d4c9de7b8acb1fe669) Importer(2089858483,192608db42251d675da83286b1cce702)
Start importing Assets/Adam Character Pack/Adam/Materials/Adam_monitors.mat using Guid(371d27e98fd444d4c9de7b8acb1fe669) Importer(2089858483,192608db42251d675da83286b1cce702) (ScriptedImporter) -> (artifact id: '5cb6bf41abfe6f834c29842e6c1bee22') in 0.0386235 seconds
Number of updated asset objects reloaded before import = 0Number of asset objects unloaded after import = 2

========================================================================
Received Import Request.
  Time since last request: 0.000018 seconds.
  path: Assets/Adam Character Pack/Adam/Materials/Adam_Torso_metal.mat
  artifactKey: Guid(e10fef699645e904ca433c0ee0db622e) Importer(2089858483,192608db42251d675da83286b1cce702)
Start importing Assets/Adam Character Pack/Adam/Materials/Adam_Torso_metal.mat using Guid(e10fef699645e904ca433c0ee0db622e) Importer(2089858483,192608db42251d675da83286b1cce702) (ScriptedImporter) -> (artifact id: '398b3fb9e7ab166cc49fccc839bce679') in 0.0679296 seconds
Number of updated asset objects reloaded before import = 0Number of asset objects unloaded after import = 4

========================================================================
Received Import Request.
  Time since last request: 0.000050 seconds.
  path: Assets/Adam Character Pack/Adam/Textures/Adam_Legs_a.tif
  artifactKey: Guid(7ad125bd94bd44f43b8609557922509b) Importer(2089858483,192608db42251d675da83286b1cce702)
Start importing Assets/Adam Character Pack/Adam/Textures/Adam_Legs_a.tif using Guid(7ad125bd94bd44f43b8609557922509b) Importer(2089858483,192608db42251d675da83286b1cce702) (ScriptedImporter) -> (artifact id: 'ac915f566486311de12962c06cb02e86') in 0.0623489 seconds
Number of updated asset objects reloaded before import = 0Number of asset objects unloaded after import = 1

========================================================================
Received Import Request.
  Time since last request: 0.000018 seconds.
  path: Assets/Adam Character Pack/Adam/Materials/Adam_Torso_plastic.mat
  artifactKey: Guid(07925cd01561e234a9ea2ee639a7fcc8) Importer(2089858483,192608db42251d675da83286b1cce702)
Start importing Assets/Adam Character Pack/Adam/Materials/Adam_Torso_plastic.mat using Guid(07925cd01561e234a9ea2ee639a7fcc8) Importer(2089858483,192608db42251d675da83286b1cce702) (ScriptedImporter) -> (artifact id: 'fc06bceaed057918ea1416beab91d895') in 0.058319 seconds
Number of updated asset objects reloaded before import = 0Number of asset objects unloaded after import = 5

========================================================================
Received Import Request.
  Time since last request: 0.000031 seconds.
  path: Assets/Settings/PC_RPAsset.asset
  artifactKey: Guid(4b83569d67af61e458304325a23e5dfd) Importer(2089858483,192608db42251d675da83286b1cce702)
Start importing Assets/Settings/PC_RPAsset.asset using Guid(4b83569d67af61e458304325a23e5dfd) Importer(2089858483,192608db42251d675da83286b1cce702) (ScriptedImporter) -> (artifact id: '967022cf3da6c04c2edb428f6aff9445') in 0.101377 seconds
Number of updated asset objects reloaded before import = 0Number of asset objects unloaded after import = 1

========================================================================
Received Import Request.
  Time since last request: 0.000017 seconds.
  path: Assets/Time.unity
  artifactKey: Guid(9e046f343fda946c88db409e32358bbf) Importer(2089858483,192608db42251d675da83286b1cce702)
Start importing Assets/Time.unity using Guid(9e046f343fda946c88db409e32358bbf) Importer(2089858483,192608db42251d675da83286b1cce702) (ScriptedImporter) -> (artifact id: 'e67aff11a83725d8e9a491bdb03c5354') in 0.0104161 seconds
Number of updated asset objects reloaded before import = 0Number of asset objects unloaded after import = 1

========================================================================
Received Import Request.
  Time since last request: 0.000018 seconds.
  path: Assets/Adam Character Pack/Adam/Materials/Adam_head_plastic.mat
  artifactKey: Guid(76e465ee227cff34895e485b5d7647bb) Importer(2089858483,192608db42251d675da83286b1cce702)
Start importing Assets/Adam Character Pack/Adam/Materials/Adam_head_plastic.mat using Guid(76e465ee227cff34895e485b5d7647bb) Importer(2089858483,192608db42251d675da83286b1cce702) (ScriptedImporter) -> (artifact id: '123008f1d172ba1f7a608a3b1aed361a') in 0.0583764 seconds
Number of updated asset objects reloaded before import = 0Number of asset objects unloaded after import = 5

========================================================================
Received Import Request.
  Time since last request: 0.000021 seconds.
  path: Assets/Adam Character Pack/Adam/Materials/Adam_head_rubber.mat
  artifactKey: Guid(17d9f35b6093f0a4ebff4a62de90632c) Importer(2089858483,192608db42251d675da83286b1cce702)
Start importing Assets/Adam Character Pack/Adam/Materials/Adam_head_rubber.mat using Guid(17d9f35b6093f0a4ebff4a62de90632c) Importer(2089858483,192608db42251d675da83286b1cce702) (ScriptedImporter) -> (artifact id: '72ba610c9831e5642c1dc805188e59b9') in 0.0663737 seconds
Number of updated asset objects reloaded before import = 0Number of asset objects unloaded after import = 5

========================================================================
Received Import Request.
  Time since last request: 0.000035 seconds.
  path: Assets/Adam Character Pack/Adam/Materials/08 - Default 1.mat
  artifactKey: Guid(cac45ac0cd34c44429eba3e8c09a5b5e) Importer(2089858483,192608db42251d675da83286b1cce702)
Start importing Assets/Adam Character Pack/Adam/Materials/08 - Default 1.mat using Guid(cac45ac0cd34c44429eba3e8c09a5b5e) Importer(2089858483,192608db42251d675da83286b1cce702) (ScriptedImporter) -> (artifact id: '6b97109bfba89c8da656d4b6a6b8eeab') in 0.0135734 seconds
Number of updated asset objects reloaded before import = 0Number of asset objects unloaded after import = 1

========================================================================
Received Import Request.
  Time since last request: 0.000028 seconds.
  path: Assets/Adam Character Pack/Adam/Textures/Adam_Torso_sg.tif
  artifactKey: Guid(4027d13f9e14de44a95ae2156585b4ac) Importer(2089858483,192608db42251d675da83286b1cce702)
Start importing Assets/Adam Character Pack/Adam/Textures/Adam_Torso_sg.tif using Guid(4027d13f9e14de44a95ae2156585b4ac) Importer(2089858483,192608db42251d675da83286b1cce702) (ScriptedImporter) -> (artifact id: '8df11d1c21f261aac06eae36101d5176') in 0.0338884 seconds
Number of updated asset objects reloaded before import = 0Number of asset objects unloaded after import = 1

========================================================================
Received Import Request.
  Time since last request: 0.000019 seconds.
  path: Assets/Adam Character Pack/Adam/Textures/Mask/Adam_mask_intact_a.tif
  artifactKey: Guid(e7f78facada8b2940b0ae7d815be9b6a) Importer(2089858483,192608db42251d675da83286b1cce702)
Start importing Assets/Adam Character Pack/Adam/Textures/Mask/Adam_mask_intact_a.tif using Guid(e7f78facada8b2940b0ae7d815be9b6a) Importer(2089858483,192608db42251d675da83286b1cce702) (ScriptedImporter) -> (artifact id: '0e2352188a4475e9b02a99aebcf85edc') in 0.0209023 seconds
Number of updated asset objects reloaded before import = 0Number of asset objects unloaded after import = 1

========================================================================
Received Import Request.
  Time since last request: 0.000020 seconds.
  path: Assets/Adam Character Pack/Adam/Textures/Mask/Adam_mask_intact_n.tif
  artifactKey: Guid(9880c001db6b8cf4095adafbd6797858) Importer(2089858483,192608db42251d675da83286b1cce702)
Start importing Assets/Adam Character Pack/Adam/Textures/Mask/Adam_mask_intact_n.tif using Guid(9880c001db6b8cf4095adafbd6797858) Importer(2089858483,192608db42251d675da83286b1cce702) (ScriptedImporter) -> (artifact id: '4382bc28c74b4b070c915431207413fc') in 0.0233281 seconds
Number of updated asset objects reloaded before import = 0Number of asset objects unloaded after import = 1

========================================================================
Received Import Request.
  Time since last request: 0.000018 seconds.
  path: Assets/Adam Character Pack/Adam/Materials/09 - Default.mat
  artifactKey: Guid(fc915a16e8c39f44c9cb435e1180b9cf) Importer(2089858483,192608db42251d675da83286b1cce702)
Start importing Assets/Adam Character Pack/Adam/Materials/09 - Default.mat using Guid(fc915a16e8c39f44c9cb435e1180b9cf) Importer(2089858483,192608db42251d675da83286b1cce702) (ScriptedImporter) -> (artifact id: 'd6a9d19364d7c6ed59be5a476d547ed9') in 0.0118801 seconds
Number of updated asset objects reloaded before import = 0Number of asset objects unloaded after import = 1

========================================================================
Received Import Request.
  Time since last request: 0.000025 seconds.
  path: Assets/Adam Character Pack/Adam/Textures/Adam_Arms_a.tif
  artifactKey: Guid(22f1a8de2f2bf5140a694d6ca361acf9) Importer(2089858483,192608db42251d675da83286b1cce702)
Start importing Assets/Adam Character Pack/Adam/Textures/Adam_Arms_a.tif using Guid(22f1a8de2f2bf5140a694d6ca361acf9) Importer(2089858483,192608db42251d675da83286b1cce702) (ScriptedImporter) -> (artifact id: 'a9afb1b13e828473755fae54ffa29b15') in 0.0516041 seconds
Number of updated asset objects reloaded before import = 0Number of asset objects unloaded after import = 1

========================================================================
Received Import Request.
  Time since last request: 0.000015 seconds.
  path: Assets/Settings/Mobile_RPAsset.asset
  artifactKey: Guid(5e6cbd92db86f4b18aec3ed561671858) Importer(2089858483,192608db42251d675da83286b1cce702)
Start importing Assets/Settings/Mobile_RPAsset.asset using Guid(5e6cbd92db86f4b18aec3ed561671858) Importer(2089858483,192608db42251d675da83286b1cce702) (ScriptedImporter) -> (artifact id: '1276bfb85998147b0018d657ada66b77') in 0.0578386 seconds
Number of updated asset objects reloaded before import = 0Number of asset objects unloaded after import = 2

========================================================================
Received Import Request.
  Time since last request: 0.000019 seconds.
  path: Assets/Adam Character Pack/Adam/Materials/Adam_Torso_rubber.mat
  artifactKey: Guid(f9a37b46587e5c84ebdfc7d92b322a29) Importer(2089858483,192608db42251d675da83286b1cce702)
Start importing Assets/Adam Character Pack/Adam/Materials/Adam_Torso_rubber.mat using Guid(f9a37b46587e5c84ebdfc7d92b322a29) Importer(2089858483,192608db42251d675da83286b1cce702) (ScriptedImporter) -> (artifact id: '952dc17914c1e7f75e9f88cbdeed14b2') in 0.0630233 seconds
Number of updated asset objects reloaded before import = 0Number of asset objects unloaded after import = 5

========================================================================
Received Import Request.
  Time since last request: 0.000034 seconds.
  path: Assets/Adam Character Pack/Adam/Textures/Adam_Legs_sg.tif
  artifactKey: Guid(a90c6ffc99f2c534b83c17becc5cfcd3) Importer(2089858483,192608db42251d675da83286b1cce702)
Start importing Assets/Adam Character Pack/Adam/Textures/Adam_Legs_sg.tif using Guid(a90c6ffc99f2c534b83c17becc5cfcd3) Importer(2089858483,192608db42251d675da83286b1cce702) (ScriptedImporter) -> (artifact id: '29403cc81ff87b45068e5922d0496f81') in 0.0469321 seconds
Number of updated asset objects reloaded before import = 0Number of asset objects unloaded after import = 1

========================================================================
Received Import Request.
  Time since last request: 0.000015 seconds.
  path: Assets/Adam Character Pack/Adam/Materials/15 - Default.mat
  artifactKey: Guid(c4a1a724d4f406545875e3d2282e9685) Importer(2089858483,192608db42251d675da83286b1cce702)
Start importing Assets/Adam Character Pack/Adam/Materials/15 - Default.mat using Guid(c4a1a724d4f406545875e3d2282e9685) Importer(2089858483,192608db42251d675da83286b1cce702) (ScriptedImporter) -> (artifact id: 'c07756ff3375155fb5fea36b480129ae') in 0.0164569 seconds
Number of updated asset objects reloaded before import = 0Number of asset objects unloaded after import = 1

========================================================================
Received Import Request.
  Time since last request: 0.000019 seconds.
  path: Assets/Adam Character Pack/Adam/Textures/Adam_Arms_n.tif
  artifactKey: Guid(43b2b836b9e97ce4f8a62848fde76dfa) Importer(2089858483,192608db42251d675da83286b1cce702)
Start importing Assets/Adam Character Pack/Adam/Textures/Adam_Arms_n.tif using Guid(43b2b836b9e97ce4f8a62848fde76dfa) Importer(2089858483,192608db42251d675da83286b1cce702) (ScriptedImporter) -> (artifact id: '728cb417caff52e3f8e4111049abee8c') in 0.0591519 seconds
Number of updated asset objects reloaded before import = 0Number of asset objects unloaded after import = 1

========================================================================
Received Import Request.
  Time since last request: 0.000018 seconds.
  path: Assets/Settings/SampleSceneProfile.asset
  artifactKey: Guid(10fc4df2da32a41aaa32d77bc913491c) Importer(2089858483,192608db42251d675da83286b1cce702)
Start importing Assets/Settings/SampleSceneProfile.asset using Guid(10fc4df2da32a41aaa32d77bc913491c) Importer(2089858483,192608db42251d675da83286b1cce702) (ScriptedImporter) -> (artifact id: 'dcb157772042d9e9675664745586254f') in 0.0142868 seconds
Number of updated asset objects reloaded before import = 0Number of asset objects unloaded after import = 1

========================================================================
Received Import Request.
  Time since last request: 0.000030 seconds.
  path: Assets/Adam Character Pack/Adam/Materials/08 - Default.mat
  artifactKey: Guid(c74abc31c631e6949ac547b51fd5fb79) Importer(2089858483,192608db42251d675da83286b1cce702)
Start importing Assets/Adam Character Pack/Adam/Materials/08 - Default.mat using Guid(c74abc31c631e6949ac547b51fd5fb79) Importer(2089858483,192608db42251d675da83286b1cce702) (ScriptedImporter) -> (artifact id: 'c7ea68cda90e9466c308238538532b28') in 0.012823 seconds
Number of updated asset objects reloaded before import = 0Number of asset objects unloaded after import = 1

========================================================================
Received Import Request.
  Time since last request: 0.000017 seconds.
  path: Assets/Adam Character Pack/Adam/Textures/Adam_Legs_o.tif
  artifactKey: Guid(cb19c4dee8ea0774a9cf55b72372bcc2) Importer(2089858483,192608db42251d675da83286b1cce702)
Start importing Assets/Adam Character Pack/Adam/Textures/Adam_Legs_o.tif using Guid(cb19c4dee8ea0774a9cf55b72372bcc2) Importer(2089858483,192608db42251d675da83286b1cce702) (ScriptedImporter) -> (artifact id: '531a7166c9e7b4c885ca657dc35c3d5a') in 0.0246436 seconds
Number of updated asset objects reloaded before import = 0Number of asset objects unloaded after import = 1

========================================================================
Received Import Request.
  Time since last request: 0.000016 seconds.
  path: Assets/Adam Character Pack/Adam/Adam.FBX
  artifactKey: Guid(f12f2d44b2688054986e54861cc211dc) Importer(2089858483,192608db42251d675da83286b1cce702)
Start importing Assets/Adam Character Pack/Adam/Adam.FBX using Guid(f12f2d44b2688054986e54861cc211dc) Importer(2089858483,192608db42251d675da83286b1cce702) (ScriptedImporter) -> (artifact id: 'e0aeba0c883ed837283890b96bad91ec') in 0.1518595 seconds
Number of updated asset objects reloaded before import = 0Number of asset objects unloaded after import = 825

========================================================================
Received Import Request.
  Time since last request: 0.000024 seconds.
  path: Assets/TutorialInfo/Scripts/Editor/ReadmeEditor.cs
  artifactKey: Guid(476cc7d7cd9874016adc216baab94a0a) Importer(2089858483,192608db42251d675da83286b1cce702)
Start importing Assets/TutorialInfo/Scripts/Editor/ReadmeEditor.cs using Guid(476cc7d7cd9874016adc216baab94a0a) Importer(2089858483,192608db42251d675da83286b1cce702) (ScriptedImporter) -> (artifact id: '12c1c9fb13284ad6194591ace9bb2a67') in 0.0110369 seconds
Number of updated asset objects reloaded before import = 0Number of asset objects unloaded after import = 0

========================================================================
Received Import Request.
  Time since last request: 0.000028 seconds.
  path: Assets/Settings/PC_Renderer.asset
  artifactKey: Guid(f288ae1f4751b564a96ac7587541f7a2) Importer(2089858483,192608db42251d675da83286b1cce702)
Start importing Assets/Settings/PC_Renderer.asset using Guid(f288ae1f4751b564a96ac7587541f7a2) Importer(2089858483,192608db42251d675da83286b1cce702) (ScriptedImporter) -> (artifact id: '49dcc7a86c907e2024a5e74c86963c2f') in 0.0385115 seconds
Number of updated asset objects reloaded before import = 0Number of asset objects unloaded after import = 1

========================================================================
Received Import Request.
  Time since last request: 0.000018 seconds.
  path: Assets/Settings/DefaultVolumeProfile.asset
  artifactKey: Guid(ab09877e2e707104187f6f83e2f62510) Importer(2089858483,192608db42251d675da83286b1cce702)
Start importing Assets/Settings/DefaultVolumeProfile.asset using Guid(ab09877e2e707104187f6f83e2f62510) Importer(2089858483,192608db42251d675da83286b1cce702) (ScriptedImporter) -> (artifact id: 'b26e4a4e3831d43089da7753cda5ceb3') in 0.0167704 seconds
Number of updated asset objects reloaded before import = 0Number of asset objects unloaded after import = 0

========================================================================
Received Import Request.
  Time since last request: 0.000019 seconds.
  path: Assets/Adam Character Pack/Adam/Adam_AnimationController.controller
  artifactKey: Guid(02c828f75e270754db6b763574d05654) Importer(2089858483,192608db42251d675da83286b1cce702)
Start importing Assets/Adam Character Pack/Adam/Adam_AnimationController.controller using Guid(02c828f75e270754db6b763574d05654) Importer(2089858483,192608db42251d675da83286b1cce702) (ScriptedImporter) -> (artifact id: '31252dd91ac0ace096bfcf99c1658839') in 0.0143082 seconds
Number of updated asset objects reloaded before import = 0Number of asset objects unloaded after import = 4

========================================================================
Received Import Request.
  Time since last request: 0.000020 seconds.
  path: Assets/Adam Character Pack/Adam/Materials/Adam_Legs_metal.mat
  artifactKey: Guid(3f8dc43440d71734daeee13d5b4e8031) Importer(2089858483,192608db42251d675da83286b1cce702)
Start importing Assets/Adam Character Pack/Adam/Materials/Adam_Legs_metal.mat using Guid(3f8dc43440d71734daeee13d5b4e8031) Importer(2089858483,192608db42251d675da83286b1cce702) (ScriptedImporter) -> (artifact id: '30e3eba0aa4d868d37fb26552c9d5991') in 0.0598457 seconds
Number of updated asset objects reloaded before import = 0Number of asset objects unloaded after import = 5

========================================================================
Received Import Request.
  Time since last request: 0.000023 seconds.
  path: Assets/Adam Character Pack/Adam/Materials/Adam_Arms_rubber.mat
  artifactKey: Guid(ec4e14df88f64804391814f9533ae8ab) Importer(2089858483,192608db42251d675da83286b1cce702)
Start importing Assets/Adam Character Pack/Adam/Materials/Adam_Arms_rubber.mat using Guid(ec4e14df88f64804391814f9533ae8ab) Importer(2089858483,192608db42251d675da83286b1cce702) (ScriptedImporter) -> (artifact id: 'db4fb3389fe591e7226e12b260ec6239') in 0.0691988 seconds
Number of updated asset objects reloaded before import = 0Number of asset objects unloaded after import = 5

========================================================================
Received Import Request.
  Time since last request: 0.000035 seconds.
  path: Assets/Materials/snow.mat
  artifactKey: Guid(c85b9215a67fa4641afd334f78defa7a) Importer(2089858483,192608db42251d675da83286b1cce702)
Start importing Assets/Materials/snow.mat using Guid(c85b9215a67fa4641afd334f78defa7a) Importer(2089858483,192608db42251d675da83286b1cce702) (ScriptedImporter) -> (artifact id: 'abc7e4d521556f5d61be5714a2812b2c') in 0.0158139 seconds
Number of updated asset objects reloaded before import = 0Number of asset objects unloaded after import = 2

========================================================================
Received Import Request.
  Time since last request: 0.000019 seconds.
  path: Assets/Adam Character Pack/Adam/Textures/AdamMonitor.psd
  artifactKey: Guid(f8cbc074db9ca3c44a61d4778742e77d) Importer(2089858483,192608db42251d675da83286b1cce702)
Start importing Assets/Adam Character Pack/Adam/Textures/AdamMonitor.psd using Guid(f8cbc074db9ca3c44a61d4778742e77d) Importer(2089858483,192608db42251d675da83286b1cce702) (ScriptedImporter) -> (artifact id: '986e5172c7a1631e0f658aad95a677d4') in 0.0180465 seconds
Number of updated asset objects reloaded before import = 0Number of asset objects unloaded after import = 1

